
> kingshuk-chatterjee-portfolio@1.0.0 build
> vite build

[36mvite v6.4.1 [32mbuilding for production...[36m[39m
transforming...
[32mΓ£ô[39m 2099 modules transformed.
rendering chunks...
computing gzip size...
[2mdist/[22m[32mindex.html                        [39m[1m[2m  3.98 kB[22m[1m[22m[2m Γöé gzip:  1.43 kB[22m
[2mdist/[22m[35massets/Footer-DgdHcmSB.css        [39m[1m[2m  4.57 kB[22m[1m[22m[2m Γöé gzip:  1.55 kB[22m
[2mdist/[22m[35massets/Skills-DIc_wliD.css        [39m[1m[2m  5.27 kB[22m[1m[22m[2m Γöé gzip:  1.64 kB[22m
[2mdist/[22m[35massets/Experience-BdgI3CXz.css    [39m[1m[2m  5.29 kB[22m[1m[22m[2m Γöé gzip:  1.58 kB[22m
[2mdist/[22m[35massets/Projects-CSJMEeZP.css      [39m[1m[2m  5.50 kB[22m[1m[22m[2m Γöé gzip:  1.69 kB[22m
[2mdist/[22m[35massets/About-BIbIG6bW.css         [39m[1m[2m  6.68 kB[22m[1m[22m[2m Γöé gzip:  1.90 kB[22m
[2mdist/[22m[35massets/Contact-DvUr-_05.css       [39m[1m[2m  6.87 kB[22m[1m[22m[2m Γöé gzip:  1.79 kB[22m
[2mdist/[22m[35massets/index-DAWcuL-1.css         [39m[1m[2m 40.90 kB[22m[1m[22m[2m Γöé gzip:  8.92 kB[22m
[2mdist/[22m[36massets/icons-D6u70i0u.js          [39m[1m[2m  2.62 kB[22m[1m[22m[2m Γöé gzip:  1.01 kB[22m
[2mdist/[22m[36massets/Footer-ChG12-ij.js         [39m[1m[2m  3.73 kB[22m[1m[22m[2m Γöé gzip:  1.70 kB[22m
[2mdist/[22m[36massets/About-CsqU2hKB.js          [39m[1m[2m  6.33 kB[22m[1m[22m[2m Γöé gzip:  2.16 kB[22m
[2mdist/[22m[36massets/Experience-CXIu7_PR.js     [39m[1m[2m  7.60 kB[22m[1m[22m[2m Γöé gzip:  2.77 kB[22m
[2mdist/[22m[36massets/Skills-DHrL-W6c.js         [39m[1m[2m  9.72 kB[22m[1m[22m[2m Γöé gzip:  3.89 kB[22m
[2mdist/[22m[36massets/Projects-DBj8yM11.js       [39m[1m[2m  9.80 kB[22m[1m[22m[2m Γöé gzip:  4.20 kB[22m
[2mdist/[22m[36massets/Contact-dOnDBmKF.js        [39m[1m[2m 13.80 kB[22m[1m[22m[2m Γöé gzip:  5.53 kB[22m
[2mdist/[22m[36massets/index-CcIP_KrM.js          [39m[1m[2m 21.63 kB[22m[1m[22m[2m Γöé gzip:  7.38 kB[22m
[2mdist/[22m[36massets/framer-motion-C-XAhSJ0.js  [39m[1m[2m124.02 kB[22m[1m[22m[2m Γöé gzip: 41.47 kB[22m
[2mdist/[22m[36massets/react-vendor-CRB3T2We.js   [39m[1m[2m141.74 kB[22m[1m[22m[2m Γöé gzip: 45.48 kB[22m
[32mΓ£ô built in 2.67s[39m
